// Jest Snapshot v1, https://goo.gl/fbAQLP

exports[`header unit test should render 1`] = `
<div
  className="sc-hKgILt cQWnTD"
>
  <div
    className="sc-gKsewC lkQPIg"
  >
    <div
      className="sc-eCssSg kKKeIH"
    >
      <div
        className="sc-bdfBwQ gfdbTj"
      >
        <div
          className="sc-gsTCUz jYeFxJ"
          onClick={[Function]}
        >
          <div>
            Women
          </div>
          <div
            className="sc-dlfnbm kHWbIJ"
          />
        </div>
        <div
          className="sc-gsTCUz jYeFxJ"
          onClick={[Function]}
        >
          <div>
            Men
          </div>
        </div>
        <div
          className="sc-gsTCUz jYeFxJ"
          onClick={[Function]}
        >
          <div>
            Kids
          </div>
        </div>
      </div>
    </div>
    <div
      className="sc-iBPRYJ RlUzW"
    >
      <div
        className="sc-jSgupP bOgIVx"
        onClick={[Function]}
      >
        Fa-sean
      </div>
    </div>
  </div>
</div>
`;
